Op#	ALUSel	InputA		InputB		ALU_Output
00	0	ffff0000	dcba0000	dcba0000
01	0	10101010	00001010	00001010
02	1	ffff0000	dcba0000	ffff0000
03	1	10101010	00001010	10101010
04	2	ffff0000	dcba0000	23450000
05	2	10101010	00001010	10100000
06	3	ffffffff	ffffbeef	ffffbeee
07	3	00000005	000000aa	000000af
08	4	00000004	00000003	00000001
09	4	ffff0007	ffff0009	fffffffe
0a	5	ffffabcd	ffffffff	00005433
0b	5	ffffffff	ffffabcd	00005433
0c	6	ffffabcd	ffffffff	ffffabcc
0d	6	ffffffff	ffffabcd	ffffabcc
0e	7	ffffabcd	ffffffff	00000000
0f	7	ffffffff	ffffabcd	00000000
10	8	ffffbeef	00000006	2aaa9fd2
11	8	00000006	ffffbeef	00000000
12	9	01ab1462	00005102	00000545
13	9	f8adbcd3	00000002	fc56de6a
14	a	00000001	00000005	00000001
15	a	f8adbcd3	00000002	00000001
16	b	f234567f	00000009	00791a2b
17	b	f234567f	00000fe9	00791a2b
18	c	f234567f	00000009	fff91a2b
19	c	f234567f	00000fe9	fff91a2b
1a	d	ffffabcd	00000005	00000001
1b	d	00000005	ffffabcd	00000000
